// Jest Snapshot v1, https://goo.gl/fbAQLP

exports[`Login component 1`] = `
<form
  class="form-signin"
  onSubmit={[Function]}
>
  <h1
    class="h3 mb-3 font-weight-normal"
  >
    Please sign in
  </h1>
  <label
    class="sr-only"
    for="email"
  >
    Email
    :
  </label>
  <br />
  <input
    class="form-control"
    id="email"
    name="email"
    onChange={[Function]}
    placeholder="Email"
    type="email"
    value=""
  />
  <br />
  <label
    class="sr-only"
    for="password"
  >
    Password
    :
  </label>
  <br />
  <input
    class="form-control"
    id="password"
    name="password"
    onChange={[Function]}
    placeholder="Password"
    type="password"
    value=""
  />
  <br />
  <br />
  <button
    class="btn btn-lg btn-warning btn-block"
    type="submit"
  >
    Sign in
  </button>
  <p
    class="mt-5"
  >
    <a
      class="link text-warning"
    >
      Forgot your password?
    </a>
  </p>
  <p
    class="mt-2 mb-3 text-muted"
  >
    Don't have an account? You can request access
     
    <a
      class="text-warning"
      href="http://my-form.my-org"
      target="_blank"
    >
      here
    </a>
    .
  </p>
  <p
    class="mt-5 mb-3 text-muted"
  >
    TrackCOVID
     
    Admin
  </p>
</form>
`;
